PHPUnit 11.5.55 by Sebastian Bergmann and contributors.

Runtime:       PHP 8.2.27
Configuration: C:\laragon\www\Apps\centurion\phpunit.xml

EEEEE                                                               5 / 5 (100%)

Time: 00:01.725, Memory: 44.00 MB

There were 5 errors:

1) Tests\Feature\Auth\AuthenticationTest::test_login_screen_can_be_rendered
Illuminate\Database\QueryException: SQLSTATE[HY000]: General error: 1 error in index church_categories_unique_contact_unique after drop column: no such column: unique_contact (Connection: sqlite, Database: :memory:, SQL: alter table "church_categories" drop column "unique_contact")

C:\laragon\www\Apps\centurion\vendor\laravel\framework\src\Illuminate\Database\Connection.php:838
C:\laragon\www\Apps\centurion\vendor\laravel\framework\src\Illuminate\Database\Connection.php:794
C:\laragon\www\Apps\centurion\vendor\laravel\framework\src\Illuminate\Database\Connection.php:573
C:\laragon\www\Apps\centurion\vendor\laravel\framework\src\Illuminate\Database\Schema\Blueprint.php:121
C:\laragon\www\Apps\centurion\vendor\laravel\framework\src\Illuminate\Database\Schema\Builder.php:686
C:\laragon\www\Apps\centurion\vendor\laravel\framework\src\Illuminate\Database\Schema\Builder.php:494
C:\laragon\www\Apps\centurion\vendor\laravel\framework\src\Illuminate\Support\Facades\Facade.php:363
C:\laragon\www\Apps\centurion\database\migrations\2026_03_01_020100_remove_unique_contact_from_church_categories.php:13
C:\laragon\www\Apps\centurion\vendor\laravel\framework\src\Illuminate\Database\Migrations\Migrator.php:517
C:\laragon\www\Apps\centurion\vendor\laravel\framework\src\Illuminate\Database\Migrations\Migrator.php:442
C:\laragon\www\Apps\centurion\vendor\laravel\framework\src\Illuminate\Database\Migrations\Migrator.php:451
C:\laragon\www\Apps\centurion\vendor\laravel\framework\src\Illuminate\Database\Migrations\Migrator.php:253
C:\laragon\www\Apps\centurion\vendor\laravel\framework\src\Illuminate\Console\View\Components\Task.php:41
C:\laragon\www\Apps\centurion\vendor\laravel\framework\src\Illuminate\Database\Migrations\Migrator.php:814
C:\laragon\www\Apps\centurion\vendor\laravel\framework\src\Illuminate\Database\Migrations\Migrator.php:253
C:\laragon\www\Apps\centurion\vendor\laravel\framework\src\Illuminate\Database\Migrations\Migrator.php:211
C:\laragon\www\Apps\centurion\vendor\laravel\framework\src\Illuminate\Database\Migrations\Migrator.php:138
C:\laragon\www\Apps\centurion\vendor\laravel\framework\src\Illuminate\Database\Console\Migrations\MigrateCommand.php:116
C:\laragon\www\Apps\centurion\vendor\laravel\framework\src\Illuminate\Database\Migrations\Migrator.php:671
C:\laragon\www\Apps\centurion\vendor\laravel\framework\src\Illuminate\Database\Console\Migrations\MigrateCommand.php:109
C:\laragon\www\Apps\centurion\vendor\laravel\framework\src\Illuminate\Database\Console\Migrations\MigrateCommand.php:88
C:\laragon\www\Apps\centurion\vendor\laravel\framework\src\Illuminate\Container\BoundMethod.php:36
C:\laragon\www\Apps\centurion\vendor\laravel\framework\src\Illuminate\Container\Util.php:43
C:\laragon\www\Apps\centurion\vendor\laravel\framework\src\Illuminate\Container\BoundMethod.php:96
C:\laragon\www\Apps\centurion\vendor\laravel\framework\src\Illuminate\Container\BoundMethod.php:35
C:\laragon\www\Apps\centurion\vendor\laravel\framework\src\Illuminate\Container\Container.php:799
C:\laragon\www\Apps\centurion\vendor\laravel\framework\src\Illuminate\Console\Command.php:211
C:\laragon\www\Apps\centurion\vendor\symfony\console\Command\Command.php:341
C:\laragon\www\Apps\centurion\vendor\laravel\framework\src\Illuminate\Console\Command.php:180
C:\laragon\www\Apps\centurion\vendor\laravel\framework\src\Illuminate\Console\Concerns\CallsCommands.php:68
C:\laragon\www\Apps\centurion\vendor\laravel\framework\src\Illuminate\Console\Concerns\CallsCommands.php:29
C:\laragon\www\Apps\centurion\vendor\laravel\framework\src\Illuminate\Database\Console\Migrations\FreshCommand.php:81
C:\laragon\www\Apps\centurion\vendor\laravel\framework\src\Illuminate\Container\BoundMethod.php:36
C:\laragon\www\Apps\centurion\vendor\laravel\framework\src\Illuminate\Container\Util.php:43
C:\laragon\www\Apps\centurion\vendor\laravel\framework\src\Illuminate\Container\BoundMethod.php:96
C:\laragon\www\Apps\centurion\vendor\laravel\framework\src\Illuminate\Container\BoundMethod.php:35
C:\laragon\www\Apps\centurion\vendor\laravel\framework\src\Illuminate\Container\Container.php:799
C:\laragon\www\Apps\centurion\vendor\laravel\framework\src\Illuminate\Console\Command.php:211
C:\laragon\www\Apps\centurion\vendor\symfony\console\Command\Command.php:341
C:\laragon\www\Apps\centurion\vendor\laravel\framework\src\Illuminate\Console\Command.php:180
C:\laragon\www\Apps\centurion\vendor\symfony\console\Application.php:1094
C:\laragon\www\Apps\centurion\vendor\symfony\console\Application.php:356
C:\laragon\www\Apps\centurion\vendor\symfony\console\Application.php:195
C:\laragon\www\Apps\centurion\vendor\laravel\framework\src\Illuminate\Console\Application.php:165
C:\laragon\www\Apps\centurion\vendor\laravel\framework\src\Illuminate\Foundation\Console\Kernel.php:447
C:\laragon\www\Apps\centurion\vendor\laravel\framework\src\Illuminate\Testing\PendingCommand.php:451
C:\laragon\www\Apps\centurion\vendor\laravel\framework\src\Illuminate\Testing\PendingCommand.php:675
C:\laragon\www\Apps\centurion\vendor\laravel\framework\src\Illuminate\Foundation\Testing\Concerns\InteractsWithConsole.php:87
C:\laragon\www\Apps\centurion\vendor\laravel\framework\src\Illuminate\Foundation\Testing\RefreshDatabase.php:119
C:\laragon\www\Apps\centurion\vendor\laravel\framework\src\Illuminate\Foundation\Testing\RefreshDatabase.php:84
C:\laragon\www\Apps\centurion\vendor\laravel\framework\src\Illuminate\Foundation\Testing\RefreshDatabase.php:25
C:\laragon\www\Apps\centurion\vendor\laravel\framework\src\Illuminate\Foundation\Testing\Concerns\InteractsWithTestCaseLifecycle.php:217
C:\laragon\www\Apps\centurion\vendor\laravel\framework\src\Illuminate\Foundation\Testing\Concerns\InteractsWithTestCaseLifecycle.php:101
C:\laragon\www\Apps\centurion\vendor\laravel\framework\src\Illuminate\Foundation\Testing\TestCase.php:63

Caused by
PDOException: SQLSTATE[HY000]: General error: 1 error in index church_categories_unique_contact_unique after drop column: no such column: unique_contact

C:\laragon\www\Apps\centurion\vendor\laravel\framework\src\Illuminate\Database\Connection.php:584
C:\laragon\www\Apps\centurion\vendor\laravel\framework\src\Illuminate\Database\Connection.php:827
C:\laragon\www\Apps\centurion\vendor\laravel\framework\src\Illuminate\Database\Connection.php:794
C:\laragon\www\Apps\centurion\vendor\laravel\framework\src\Illuminate\Database\Connection.php:573
C:\laragon\www\Apps\centurion\vendor\laravel\framework\src\Illuminate\Database\Schema\Blueprint.php:121
C:\laragon\www\Apps\centurion\vendor\laravel\framework\src\Illuminate\Database\Schema\Builder.php:686
C:\laragon\www\Apps\centurion\vendor\laravel\framework\src\Illuminate\Database\Schema\Builder.php:494
C:\laragon\www\Apps\centurion\vendor\laravel\framework\src\Illuminate\Support\Facades\Facade.php:363
C:\laragon\www\Apps\centurion\database\migrations\2026_03_01_020100_remove_unique_contact_from_church_categories.php:13
C:\laragon\www\Apps\centurion\vendor\laravel\framework\src\Illuminate\Database\Migrations\Migrator.php:517
C:\laragon\www\Apps\centurion\vendor\laravel\framework\src\Illuminate\Database\Migrations\Migrator.php:442
C:\laragon\www\Apps\centurion\vendor\laravel\framework\src\Illuminate\Database\Migrations\Migrator.php:451
C:\laragon\www\Apps\centurion\vendor\laravel\framework\src\Illuminate\Database\Migrations\Migrator.php:253
C:\laragon\www\Apps\centurion\vendor\laravel\framework\src\Illuminate\Console\View\Components\Task.php:41
C:\laragon\www\Apps\centurion\vendor\laravel\framework\src\Illuminate\Database\Migrations\Migrator.php:814
C:\laragon\www\Apps\centurion\vendor\laravel\framework\src\Illuminate\Database\Migrations\Migrator.php:253
C:\laragon\www\Apps\centurion\vendor\laravel\framework\src\Illuminate\Database\Migrations\Migrator.php:211
C:\laragon\www\Apps\centurion\vendor\laravel\framework\src\Illuminate\Database\Migrations\Migrator.php:138
C:\laragon\www\Apps\centurion\vendor\laravel\framework\src\Illuminate\Database\Console\Migrations\MigrateCommand.php:116
C:\laragon\www\Apps\centurion\vendor\laravel\framework\src\Illuminate\Database\Migrations\Migrator.php:671
C:\laragon\www\Apps\centurion\vendor\laravel\framework\src\Illuminate\Database\Console\Migrations\MigrateCommand.php:109
C:\laragon\www\Apps\centurion\vendor\laravel\framework\src\Illuminate\Database\Console\Migrations\MigrateCommand.php:88
C:\laragon\www\Apps\centurion\vendor\laravel\framework\src\Illuminate\Container\BoundMethod.php:36
C:\laragon\www\Apps\centurion\vendor\laravel\framework\src\Illuminate\Container\Util.php:43
C:\laragon\www\Apps\centurion\vendor\laravel\framework\src\Illuminate\Container\BoundMethod.php:96
C:\laragon\www\Apps\centurion\vendor\laravel\framework\src\Illuminate\Container\BoundMethod.php:35
C:\laragon\www\Apps\centurion\vendor\laravel\framework\src\Illuminate\Container\Container.php:799
C:\laragon\www\Apps\centurion\vendor\laravel\framework\src\Illuminate\Console\Command.php:211
C:\laragon\www\Apps\centurion\vendor\symfony\console\Command\Command.php:341
C:\laragon\www\Apps\centurion\vendor\laravel\framework\src\Illuminate\Console\Command.php:180
C:\laragon\www\Apps\centurion\vendor\laravel\framework\src\Illuminate\Console\Concerns\CallsCommands.php:68
C:\laragon\www\Apps\centurion\vendor\laravel\framework\src\Illuminate\Console\Concerns\CallsCommands.php:29
C:\laragon\www\Apps\centurion\vendor\laravel\framework\src\Illuminate\Database\Console\Migrations\FreshCommand.php:81
C:\laragon\www\Apps\centurion\vendor\laravel\framework\src\Illuminate\Container\BoundMethod.php:36
C:\laragon\www\Apps\centurion\vendor\laravel\framework\src\Illuminate\Container\Util.php:43
C:\laragon\www\Apps\centurion\vendor\laravel\framework\src\Illuminate\Container\BoundMethod.php:96
C:\laragon\www\Apps\centurion\vendor\laravel\framework\src\Illuminate\Container\BoundMethod.php:35
C:\laragon\www\Apps\centurion\vendor\laravel\framework\src\Illuminate\Container\Container.php:799
C:\laragon\www\Apps\centurion\vendor\laravel\framework\src\Illuminate\Console\Command.php:211
C:\laragon\www\Apps\centurion\vendor\symfony\console\Command\Command.php:341
C:\laragon\www\Apps\centurion\vendor\laravel\framework\src\Illuminate\Console\Command.php:180
C:\laragon\www\Apps\centurion\vendor\symfony\console\Application.php:1094
C:\laragon\www\Apps\centurion\vendor\symfony\console\Application.php:356
C:\laragon\www\Apps\centurion\vendor\symfony\console\Application.php:195
C:\laragon\www\Apps\centurion\vendor\laravel\framework\src\Illuminate\Console\Application.php:165
C:\laragon\www\Apps\centurion\vendor\laravel\framework\src\Illuminate\Foundation\Console\Kernel.php:447
C:\laragon\www\Apps\centurion\vendor\laravel\framework\src\Illuminate\Testing\PendingCommand.php:451
C:\laragon\www\Apps\centurion\vendor\laravel\framework\src\Illuminate\Testing\PendingCommand.php:675
C:\laragon\www\Apps\centurion\vendor\laravel\framework\src\Illuminate\Foundation\Testing\Concerns\InteractsWithConsole.php:87
C:\laragon\www\Apps\centurion\vendor\laravel\framework\src\Illuminate\Foundation\Testing\RefreshDatabase.php:119
C:\laragon\www\Apps\centurion\vendor\laravel\framework\src\Illuminate\Foundation\Testing\RefreshDatabase.php:84
C:\laragon\www\Apps\centurion\vendor\laravel\framework\src\Illuminate\Foundation\Testing\RefreshDatabase.php:25
C:\laragon\www\Apps\centurion\vendor\laravel\framework\src\Illuminate\Foundation\Testing\Concerns\InteractsWithTestCaseLifecycle.php:217
C:\laragon\www\Apps\centurion\vendor\laravel\framework\src\Illuminate\Foundation\Testing\Concerns\InteractsWithTestCaseLifecycle.php:101
C:\laragon\www\Apps\centurion\vendor\laravel\framework\src\Illuminate\Foundation\Testing\TestCase.php:63

2) Tests\Feature\Auth\AuthenticationTest::test_users_can_authenticate_using_the_login_screen_with_email
Illuminate\Database\QueryException: SQLSTATE[HY000]: General error: 1 error in index church_categories_unique_contact_unique after drop column: no such column: unique_contact (Connection: sqlite, Database: :memory:, SQL: alter table "church_categories" drop column "unique_contact")

C:\laragon\www\Apps\centurion\vendor\laravel\framework\src\Illuminate\Database\Connection.php:838
C:\laragon\www\Apps\centurion\vendor\laravel\framework\src\Illuminate\Database\Connection.php:794
C:\laragon\www\Apps\centurion\vendor\laravel\framework\src\Illuminate\Database\Connection.php:573
C:\laragon\www\Apps\centurion\vendor\laravel\framework\src\Illuminate\Database\Schema\Blueprint.php:121
C:\laragon\www\Apps\centurion\vendor\laravel\framework\src\Illuminate\Database\Schema\Builder.php:686
C:\laragon\www\Apps\centurion\vendor\laravel\framework\src\Illuminate\Database\Schema\Builder.php:494
C:\laragon\www\Apps\centurion\vendor\laravel\framework\src\Illuminate\Support\Facades\Facade.php:363
C:\laragon\www\Apps\centurion\database\migrations\2026_03_01_020100_remove_unique_contact_from_church_categories.php:13
C:\laragon\www\Apps\centurion\vendor\laravel\framework\src\Illuminate\Database\Migrations\Migrator.php:517
C:\laragon\www\Apps\centurion\vendor\laravel\framework\src\Illuminate\Database\Migrations\Migrator.php:442
C:\laragon\www\Apps\centurion\vendor\laravel\framework\src\Illuminate\Database\Migrations\Migrator.php:451
C:\laragon\www\Apps\centurion\vendor\laravel\framework\src\Illuminate\Database\Migrations\Migrator.php:253
C:\laragon\www\Apps\centurion\vendor\laravel\framework\src\Illuminate\Console\View\Components\Task.php:41
C:\laragon\www\Apps\centurion\vendor\laravel\framework\src\Illuminate\Database\Migrations\Migrator.php:814
C:\laragon\www\Apps\centurion\vendor\laravel\framework\src\Illuminate\Database\Migrations\Migrator.php:253
C:\laragon\www\Apps\centurion\vendor\laravel\framework\src\Illuminate\Database\Migrations\Migrator.php:211
C:\laragon\www\Apps\centurion\vendor\laravel\framework\src\Illuminate\Database\Migrations\Migrator.php:138
C:\laragon\www\Apps\centurion\vendor\laravel\framework\src\Illuminate\Database\Console\Migrations\MigrateCommand.php:116
C:\laragon\www\Apps\centurion\vendor\laravel\framework\src\Illuminate\Database\Migrations\Migrator.php:671
C:\laragon\www\Apps\centurion\vendor\laravel\framework\src\Illuminate\Database\Console\Migrations\MigrateCommand.php:109
C:\laragon\www\Apps\centurion\vendor\laravel\framework\src\Illuminate\Database\Console\Migrations\MigrateCommand.php:88
C:\laragon\www\Apps\centurion\vendor\laravel\framework\src\Illuminate\Container\BoundMethod.php:36
C:\laragon\www\Apps\centurion\vendor\laravel\framework\src\Illuminate\Container\Util.php:43
C:\laragon\www\Apps\centurion\vendor\laravel\framework\src\Illuminate\Container\BoundMethod.php:96
C:\laragon\www\Apps\centurion\vendor\laravel\framework\src\Illuminate\Container\BoundMethod.php:35
C:\laragon\www\Apps\centurion\vendor\laravel\framework\src\Illuminate\Container\Container.php:799
C:\laragon\www\Apps\centurion\vendor\laravel\framework\src\Illuminate\Console\Command.php:211
C:\laragon\www\Apps\centurion\vendor\symfony\console\Command\Command.php:341
C:\laragon\www\Apps\centurion\vendor\laravel\framework\src\Illuminate\Console\Command.php:180
C:\laragon\www\Apps\centurion\vendor\laravel\framework\src\Illuminate\Console\Concerns\CallsCommands.php:68
C:\laragon\www\Apps\centurion\vendor\laravel\framework\src\Illuminate\Console\Concerns\CallsCommands.php:29
C:\laragon\www\Apps\centurion\vendor\laravel\framework\src\Illuminate\Database\Console\Migrations\FreshCommand.php:81
C:\laragon\www\Apps\centurion\vendor\laravel\framework\src\Illuminate\Container\BoundMethod.php:36
C:\laragon\www\Apps\centurion\vendor\laravel\framework\src\Illuminate\Container\Util.php:43
C:\laragon\www\Apps\centurion\vendor\laravel\framework\src\Illuminate\Container\BoundMethod.php:96
C:\laragon\www\Apps\centurion\vendor\laravel\framework\src\Illuminate\Container\BoundMethod.php:35
C:\laragon\www\Apps\centurion\vendor\laravel\framework\src\Illuminate\Container\Container.php:799
C:\laragon\www\Apps\centurion\vendor\laravel\framework\src\Illuminate\Console\Command.php:211
C:\laragon\www\Apps\centurion\vendor\symfony\console\Command\Command.php:341
C:\laragon\www\Apps\centurion\vendor\laravel\framework\src\Illuminate\Console\Command.php:180
C:\laragon\www\Apps\centurion\vendor\symfony\console\Application.php:1094
C:\laragon\www\Apps\centurion\vendor\symfony\console\Application.php:356
C:\laragon\www\Apps\centurion\vendor\symfony\console\Application.php:195
C:\laragon\www\Apps\centurion\vendor\laravel\framework\src\Illuminate\Console\Application.php:165
C:\laragon\www\Apps\centurion\vendor\laravel\framework\src\Illuminate\Foundation\Console\Kernel.php:447
C:\laragon\www\Apps\centurion\vendor\laravel\framework\src\Illuminate\Testing\PendingCommand.php:451
C:\laragon\www\Apps\centurion\vendor\laravel\framework\src\Illuminate\Testing\PendingCommand.php:675
C:\laragon\www\Apps\centurion\vendor\laravel\framework\src\Illuminate\Foundation\Testing\Concerns\InteractsWithConsole.php:87
C:\laragon\www\Apps\centurion\vendor\laravel\framework\src\Illuminate\Foundation\Testing\RefreshDatabase.php:119
C:\laragon\www\Apps\centurion\vendor\laravel\framework\src\Illuminate\Foundation\Testing\RefreshDatabase.php:84
C:\laragon\www\Apps\centurion\vendor\laravel\framework\src\Illuminate\Foundation\Testing\RefreshDatabase.php:25
C:\laragon\www\Apps\centurion\vendor\laravel\framework\src\Illuminate\Foundation\Testing\Concerns\InteractsWithTestCaseLifecycle.php:217
C:\laragon\www\Apps\centurion\vendor\laravel\framework\src\Illuminate\Foundation\Testing\Concerns\InteractsWithTestCaseLifecycle.php:101
C:\laragon\www\Apps\centurion\vendor\laravel\framework\src\Illuminate\Foundation\Testing\TestCase.php:63

Caused by
PDOException: SQLSTATE[HY000]: General error: 1 error in index church_categories_unique_contact_unique after drop column: no such column: unique_contact

C:\laragon\www\Apps\centurion\vendor\laravel\framework\src\Illuminate\Database\Connection.php:584
C:\laragon\www\Apps\centurion\vendor\laravel\framework\src\Illuminate\Database\Connection.php:827
C:\laragon\www\Apps\centurion\vendor\laravel\framework\src\Illuminate\Database\Connection.php:794
C:\laragon\www\Apps\centurion\vendor\laravel\framework\src\Illuminate\Database\Connection.php:573
C:\laragon\www\Apps\centurion\vendor\laravel\framework\src\Illuminate\Database\Schema\Blueprint.php:121
C:\laragon\www\Apps\centurion\vendor\laravel\framework\src\Illuminate\Database\Schema\Builder.php:686
C:\laragon\www\Apps\centurion\vendor\laravel\framework\src\Illuminate\Database\Schema\Builder.php:494
C:\laragon\www\Apps\centurion\vendor\laravel\framework\src\Illuminate\Support\Facades\Facade.php:363
C:\laragon\www\Apps\centurion\database\migrations\2026_03_01_020100_remove_unique_contact_from_church_categories.php:13
C:\laragon\www\Apps\centurion\vendor\laravel\framework\src\Illuminate\Database\Migrations\Migrator.php:517
C:\laragon\www\Apps\centurion\vendor\laravel\framework\src\Illuminate\Database\Migrations\Migrator.php:442
C:\laragon\www\Apps\centurion\vendor\laravel\framework\src\Illuminate\Database\Migrations\Migrator.php:451
C:\laragon\www\Apps\centurion\vendor\laravel\framework\src\Illuminate\Database\Migrations\Migrator.php:253
C:\laragon\www\Apps\centurion\vendor\laravel\framework\src\Illuminate\Console\View\Components\Task.php:41
C:\laragon\www\Apps\centurion\vendor\laravel\framework\src\Illuminate\Database\Migrations\Migrator.php:814
C:\laragon\www\Apps\centurion\vendor\laravel\framework\src\Illuminate\Database\Migrations\Migrator.php:253
C:\laragon\www\Apps\centurion\vendor\laravel\framework\src\Illuminate\Database\Migrations\Migrator.php:211
C:\laragon\www\Apps\centurion\vendor\laravel\framework\src\Illuminate\Database\Migrations\Migrator.php:138
C:\laragon\www\Apps\centurion\vendor\laravel\framework\src\Illuminate\Database\Console\Migrations\MigrateCommand.php:116
C:\laragon\www\Apps\centurion\vendor\laravel\framework\src\Illuminate\Database\Migrations\Migrator.php:671
C:\laragon\www\Apps\centurion\vendor\laravel\framework\src\Illuminate\Database\Console\Migrations\MigrateCommand.php:109
C:\laragon\www\Apps\centurion\vendor\laravel\framework\src\Illuminate\Database\Console\Migrations\MigrateCommand.php:88
C:\laragon\www\Apps\centurion\vendor\laravel\framework\src\Illuminate\Container\BoundMethod.php:36
C:\laragon\www\Apps\centurion\vendor\laravel\framework\src\Illuminate\Container\Util.php:43
C:\laragon\www\Apps\centurion\vendor\laravel\framework\src\Illuminate\Container\BoundMethod.php:96
C:\laragon\www\Apps\centurion\vendor\laravel\framework\src\Illuminate\Container\BoundMethod.php:35
C:\laragon\www\Apps\centurion\vendor\laravel\framework\src\Illuminate\Container\Container.php:799
C:\laragon\www\Apps\centurion\vendor\laravel\framework\src\Illuminate\Console\Command.php:211
C:\laragon\www\Apps\centurion\vendor\symfony\console\Command\Command.php:341
C:\laragon\www\Apps\centurion\vendor\laravel\framework\src\Illuminate\Console\Command.php:180
C:\laragon\www\Apps\centurion\vendor\laravel\framework\src\Illuminate\Console\Concerns\CallsCommands.php:68
C:\laragon\www\Apps\centurion\vendor\laravel\framework\src\Illuminate\Console\Concerns\CallsCommands.php:29
C:\laragon\www\Apps\centurion\vendor\laravel\framework\src\Illuminate\Database\Console\Migrations\FreshCommand.php:81
C:\laragon\www\Apps\centurion\vendor\laravel\framework\src\Illuminate\Container\BoundMethod.php:36
C:\laragon\www\Apps\centurion\vendor\laravel\framework\src\Illuminate\Container\Util.php:43
C:\laragon\www\Apps\centurion\vendor\laravel\framework\src\Illuminate\Container\BoundMethod.php:96
C:\laragon\www\Apps\centurion\vendor\laravel\framework\src\Illuminate\Container\BoundMethod.php:35
C:\laragon\www\Apps\centurion\vendor\laravel\framework\src\Illuminate\Container\Container.php:799
C:\laragon\www\Apps\centurion\vendor\laravel\framework\src\Illuminate\Console\Command.php:211
C:\laragon\www\Apps\centurion\vendor\symfony\console\Command\Command.php:341
C:\laragon\www\Apps\centurion\vendor\laravel\framework\src\Illuminate\Console\Command.php:180
C:\laragon\www\Apps\centurion\vendor\symfony\console\Application.php:1094
C:\laragon\www\Apps\centurion\vendor\symfony\console\Application.php:356
C:\laragon\www\Apps\centurion\vendor\symfony\console\Application.php:195
C:\laragon\www\Apps\centurion\vendor\laravel\framework\src\Illuminate\Console\Application.php:165
C:\laragon\www\Apps\centurion\vendor\laravel\framework\src\Illuminate\Foundation\Console\Kernel.php:447
C:\laragon\www\Apps\centurion\vendor\laravel\framework\src\Illuminate\Testing\PendingCommand.php:451
C:\laragon\www\Apps\centurion\vendor\laravel\framework\src\Illuminate\Testing\PendingCommand.php:675
C:\laragon\www\Apps\centurion\vendor\laravel\framework\src\Illuminate\Foundation\Testing\Concerns\InteractsWithConsole.php:87
C:\laragon\www\Apps\centurion\vendor\laravel\framework\src\Illuminate\Foundation\Testing\RefreshDatabase.php:119
C:\laragon\www\Apps\centurion\vendor\laravel\framework\src\Illuminate\Foundation\Testing\RefreshDatabase.php:84
C:\laragon\www\Apps\centurion\vendor\laravel\framework\src\Illuminate\Foundation\Testing\RefreshDatabase.php:25
C:\laragon\www\Apps\centurion\vendor\laravel\framework\src\Illuminate\Foundation\Testing\Concerns\InteractsWithTestCaseLifecycle.php:217
C:\laragon\www\Apps\centurion\vendor\laravel\framework\src\Illuminate\Foundation\Testing\Concerns\InteractsWithTestCaseLifecycle.php:101
C:\laragon\www\Apps\centurion\vendor\laravel\framework\src\Illuminate\Foundation\Testing\TestCase.php:63

3) Tests\Feature\Auth\AuthenticationTest::test_users_can_authenticate_using_the_login_screen_with_contact
Illuminate\Database\QueryException: SQLSTATE[HY000]: General error: 1 error in index church_categories_unique_contact_unique after drop column: no such column: unique_contact (Connection: sqlite, Database: :memory:, SQL: alter table "church_categories" drop column "unique_contact")

C:\laragon\www\Apps\centurion\vendor\laravel\framework\src\Illuminate\Database\Connection.php:838
C:\laragon\www\Apps\centurion\vendor\laravel\framework\src\Illuminate\Database\Connection.php:794
C:\laragon\www\Apps\centurion\vendor\laravel\framework\src\Illuminate\Database\Connection.php:573
C:\laragon\www\Apps\centurion\vendor\laravel\framework\src\Illuminate\Database\Schema\Blueprint.php:121
C:\laragon\www\Apps\centurion\vendor\laravel\framework\src\Illuminate\Database\Schema\Builder.php:686
C:\laragon\www\Apps\centurion\vendor\laravel\framework\src\Illuminate\Database\Schema\Builder.php:494
C:\laragon\www\Apps\centurion\vendor\laravel\framework\src\Illuminate\Support\Facades\Facade.php:363
C:\laragon\www\Apps\centurion\database\migrations\2026_03_01_020100_remove_unique_contact_from_church_categories.php:13
C:\laragon\www\Apps\centurion\vendor\laravel\framework\src\Illuminate\Database\Migrations\Migrator.php:517
C:\laragon\www\Apps\centurion\vendor\laravel\framework\src\Illuminate\Database\Migrations\Migrator.php:442
C:\laragon\www\Apps\centurion\vendor\laravel\framework\src\Illuminate\Database\Migrations\Migrator.php:451
C:\laragon\www\Apps\centurion\vendor\laravel\framework\src\Illuminate\Database\Migrations\Migrator.php:253
C:\laragon\www\Apps\centurion\vendor\laravel\framework\src\Illuminate\Console\View\Components\Task.php:41
C:\laragon\www\Apps\centurion\vendor\laravel\framework\src\Illuminate\Database\Migrations\Migrator.php:814
C:\laragon\www\Apps\centurion\vendor\laravel\framework\src\Illuminate\Database\Migrations\Migrator.php:253
C:\laragon\www\Apps\centurion\vendor\laravel\framework\src\Illuminate\Database\Migrations\Migrator.php:211
C:\laragon\www\Apps\centurion\vendor\laravel\framework\src\Illuminate\Database\Migrations\Migrator.php:138
C:\laragon\www\Apps\centurion\vendor\laravel\framework\src\Illuminate\Database\Console\Migrations\MigrateCommand.php:116
C:\laragon\www\Apps\centurion\vendor\laravel\framework\src\Illuminate\Database\Migrations\Migrator.php:671
C:\laragon\www\Apps\centurion\vendor\laravel\framework\src\Illuminate\Database\Console\Migrations\MigrateCommand.php:109
C:\laragon\www\Apps\centurion\vendor\laravel\framework\src\Illuminate\Database\Console\Migrations\MigrateCommand.php:88
C:\laragon\www\Apps\centurion\vendor\laravel\framework\src\Illuminate\Container\BoundMethod.php:36
C:\laragon\www\Apps\centurion\vendor\laravel\framework\src\Illuminate\Container\Util.php:43
C:\laragon\www\Apps\centurion\vendor\laravel\framework\src\Illuminate\Container\BoundMethod.php:96
C:\laragon\www\Apps\centurion\vendor\laravel\framework\src\Illuminate\Container\BoundMethod.php:35
C:\laragon\www\Apps\centurion\vendor\laravel\framework\src\Illuminate\Container\Container.php:799
C:\laragon\www\Apps\centurion\vendor\laravel\framework\src\Illuminate\Console\Command.php:211
C:\laragon\www\Apps\centurion\vendor\symfony\console\Command\Command.php:341
C:\laragon\www\Apps\centurion\vendor\laravel\framework\src\Illuminate\Console\Command.php:180
C:\laragon\www\Apps\centurion\vendor\laravel\framework\src\Illuminate\Console\Concerns\CallsCommands.php:68
C:\laragon\www\Apps\centurion\vendor\laravel\framework\src\Illuminate\Console\Concerns\CallsCommands.php:29
C:\laragon\www\Apps\centurion\vendor\laravel\framework\src\Illuminate\Database\Console\Migrations\FreshCommand.php:81
C:\laragon\www\Apps\centurion\vendor\laravel\framework\src\Illuminate\Container\BoundMethod.php:36
C:\laragon\www\Apps\centurion\vendor\laravel\framework\src\Illuminate\Container\Util.php:43
C:\laragon\www\Apps\centurion\vendor\laravel\framework\src\Illuminate\Container\BoundMethod.php:96
C:\laragon\www\Apps\centurion\vendor\laravel\framework\src\Illuminate\Container\BoundMethod.php:35
C:\laragon\www\Apps\centurion\vendor\laravel\framework\src\Illuminate\Container\Container.php:799
C:\laragon\www\Apps\centurion\vendor\laravel\framework\src\Illuminate\Console\Command.php:211
C:\laragon\www\Apps\centurion\vendor\symfony\console\Command\Command.php:341
C:\laragon\www\Apps\centurion\vendor\laravel\framework\src\Illuminate\Console\Command.php:180
C:\laragon\www\Apps\centurion\vendor\symfony\console\Application.php:1094
C:\laragon\www\Apps\centurion\vendor\symfony\console\Application.php:356
C:\laragon\www\Apps\centurion\vendor\symfony\console\Application.php:195
C:\laragon\www\Apps\centurion\vendor\laravel\framework\src\Illuminate\Console\Application.php:165
C:\laragon\www\Apps\centurion\vendor\laravel\framework\src\Illuminate\Foundation\Console\Kernel.php:447
C:\laragon\www\Apps\centurion\vendor\laravel\framework\src\Illuminate\Testing\PendingCommand.php:451
C:\laragon\www\Apps\centurion\vendor\laravel\framework\src\Illuminate\Testing\PendingCommand.php:675
C:\laragon\www\Apps\centurion\vendor\laravel\framework\src\Illuminate\Foundation\Testing\Concerns\InteractsWithConsole.php:87
C:\laragon\www\Apps\centurion\vendor\laravel\framework\src\Illuminate\Foundation\Testing\RefreshDatabase.php:119
C:\laragon\www\Apps\centurion\vendor\laravel\framework\src\Illuminate\Foundation\Testing\RefreshDatabase.php:84
C:\laragon\www\Apps\centurion\vendor\laravel\framework\src\Illuminate\Foundation\Testing\RefreshDatabase.php:25
C:\laragon\www\Apps\centurion\vendor\laravel\framework\src\Illuminate\Foundation\Testing\Concerns\InteractsWithTestCaseLifecycle.php:217
C:\laragon\www\Apps\centurion\vendor\laravel\framework\src\Illuminate\Foundation\Testing\Concerns\InteractsWithTestCaseLifecycle.php:101
C:\laragon\www\Apps\centurion\vendor\laravel\framework\src\Illuminate\Foundation\Testing\TestCase.php:63

Caused by
PDOException: SQLSTATE[HY000]: General error: 1 error in index church_categories_unique_contact_unique after drop column: no such column: unique_contact

C:\laragon\www\Apps\centurion\vendor\laravel\framework\src\Illuminate\Database\Connection.php:584
C:\laragon\www\Apps\centurion\vendor\laravel\framework\src\Illuminate\Database\Connection.php:827
C:\laragon\www\Apps\centurion\vendor\laravel\framework\src\Illuminate\Database\Connection.php:794
C:\laragon\www\Apps\centurion\vendor\laravel\framework\src\Illuminate\Database\Connection.php:573
C:\laragon\www\Apps\centurion\vendor\laravel\framework\src\Illuminate\Database\Schema\Blueprint.php:121
C:\laragon\www\Apps\centurion\vendor\laravel\framework\src\Illuminate\Database\Schema\Builder.php:686
C:\laragon\www\Apps\centurion\vendor\laravel\framework\src\Illuminate\Database\Schema\Builder.php:494
C:\laragon\www\Apps\centurion\vendor\laravel\framework\src\Illuminate\Support\Facades\Facade.php:363
C:\laragon\www\Apps\centurion\database\migrations\2026_03_01_020100_remove_unique_contact_from_church_categories.php:13
C:\laragon\www\Apps\centurion\vendor\laravel\framework\src\Illuminate\Database\Migrations\Migrator.php:517
C:\laragon\www\Apps\centurion\vendor\laravel\framework\src\Illuminate\Database\Migrations\Migrator.php:442
C:\laragon\www\Apps\centurion\vendor\laravel\framework\src\Illuminate\Database\Migrations\Migrator.php:451
C:\laragon\www\Apps\centurion\vendor\laravel\framework\src\Illuminate\Database\Migrations\Migrator.php:253
C:\laragon\www\Apps\centurion\vendor\laravel\framework\src\Illuminate\Console\View\Components\Task.php:41
C:\laragon\www\Apps\centurion\vendor\laravel\framework\src\Illuminate\Database\Migrations\Migrator.php:814
C:\laragon\www\Apps\centurion\vendor\laravel\framework\src\Illuminate\Database\Migrations\Migrator.php:253
C:\laragon\www\Apps\centurion\vendor\laravel\framework\src\Illuminate\Database\Migrations\Migrator.php:211
C:\laragon\www\Apps\centurion\vendor\laravel\framework\src\Illuminate\Database\Migrations\Migrator.php:138
C:\laragon\www\Apps\centurion\vendor\laravel\framework\src\Illuminate\Database\Console\Migrations\MigrateCommand.php:116
C:\laragon\www\Apps\centurion\vendor\laravel\framework\src\Illuminate\Database\Migrations\Migrator.php:671
C:\laragon\www\Apps\centurion\vendor\laravel\framework\src\Illuminate\Database\Console\Migrations\MigrateCommand.php:109
C:\laragon\www\Apps\centurion\vendor\laravel\framework\src\Illuminate\Database\Console\Migrations\MigrateCommand.php:88
C:\laragon\www\Apps\centurion\vendor\laravel\framework\src\Illuminate\Container\BoundMethod.php:36
C:\laragon\www\Apps\centurion\vendor\laravel\framework\src\Illuminate\Container\Util.php:43
C:\laragon\www\Apps\centurion\vendor\laravel\framework\src\Illuminate\Container\BoundMethod.php:96
C:\laragon\www\Apps\centurion\vendor\laravel\framework\src\Illuminate\Container\BoundMethod.php:35
C:\laragon\www\Apps\centurion\vendor\laravel\framework\src\Illuminate\Container\Container.php:799
C:\laragon\www\Apps\centurion\vendor\laravel\framework\src\Illuminate\Console\Command.php:211
C:\laragon\www\Apps\centurion\vendor\symfony\console\Command\Command.php:341
C:\laragon\www\Apps\centurion\vendor\laravel\framework\src\Illuminate\Console\Command.php:180
C:\laragon\www\Apps\centurion\vendor\laravel\framework\src\Illuminate\Console\Concerns\CallsCommands.php:68
C:\laragon\www\Apps\centurion\vendor\laravel\framework\src\Illuminate\Console\Concerns\CallsCommands.php:29
C:\laragon\www\Apps\centurion\vendor\laravel\framework\src\Illuminate\Database\Console\Migrations\FreshCommand.php:81
C:\laragon\www\Apps\centurion\vendor\laravel\framework\src\Illuminate\Container\BoundMethod.php:36
C:\laragon\www\Apps\centurion\vendor\laravel\framework\src\Illuminate\Container\Util.php:43
C:\laragon\www\Apps\centurion\vendor\laravel\framework\src\Illuminate\Container\BoundMethod.php:96
C:\laragon\www\Apps\centurion\vendor\laravel\framework\src\Illuminate\Container\BoundMethod.php:35
C:\laragon\www\Apps\centurion\vendor\laravel\framework\src\Illuminate\Container\Container.php:799
C:\laragon\www\Apps\centurion\vendor\laravel\framework\src\Illuminate\Console\Command.php:211
C:\laragon\www\Apps\centurion\vendor\symfony\console\Command\Command.php:341
C:\laragon\www\Apps\centurion\vendor\laravel\framework\src\Illuminate\Console\Command.php:180
C:\laragon\www\Apps\centurion\vendor\symfony\console\Application.php:1094
C:\laragon\www\Apps\centurion\vendor\symfony\console\Application.php:356
C:\laragon\www\Apps\centurion\vendor\symfony\console\Application.php:195
C:\laragon\www\Apps\centurion\vendor\laravel\framework\src\Illuminate\Console\Application.php:165
C:\laragon\www\Apps\centurion\vendor\laravel\framework\src\Illuminate\Foundation\Console\Kernel.php:447
C:\laragon\www\Apps\centurion\vendor\laravel\framework\src\Illuminate\Testing\PendingCommand.php:451
C:\laragon\www\Apps\centurion\vendor\laravel\framework\src\Illuminate\Testing\PendingCommand.php:675
C:\laragon\www\Apps\centurion\vendor\laravel\framework\src\Illuminate\Foundation\Testing\Concerns\InteractsWithConsole.php:87
C:\laragon\www\Apps\centurion\vendor\laravel\framework\src\Illuminate\Foundation\Testing\RefreshDatabase.php:119
C:\laragon\www\Apps\centurion\vendor\laravel\framework\src\Illuminate\Foundation\Testing\RefreshDatabase.php:84
C:\laragon\www\Apps\centurion\vendor\laravel\framework\src\Illuminate\Foundation\Testing\RefreshDatabase.php:25
C:\laragon\www\Apps\centurion\vendor\laravel\framework\src\Illuminate\Foundation\Testing\Concerns\InteractsWithTestCaseLifecycle.php:217
C:\laragon\www\Apps\centurion\vendor\laravel\framework\src\Illuminate\Foundation\Testing\Concerns\InteractsWithTestCaseLifecycle.php:101
C:\laragon\www\Apps\centurion\vendor\laravel\framework\src\Illuminate\Foundation\Testing\TestCase.php:63

4) Tests\Feature\Auth\AuthenticationTest::test_users_can_not_authenticate_with_invalid_password
Illuminate\Database\QueryException: SQLSTATE[HY000]: General error: 1 error in index church_categories_unique_contact_unique after drop column: no such column: unique_contact (Connection: sqlite, Database: :memory:, SQL: alter table "church_categories" drop column "unique_contact")

C:\laragon\www\Apps\centurion\vendor\laravel\framework\src\Illuminate\Database\Connection.php:838
C:\laragon\www\Apps\centurion\vendor\laravel\framework\src\Illuminate\Database\Connection.php:794
C:\laragon\www\Apps\centurion\vendor\laravel\framework\src\Illuminate\Database\Connection.php:573
C:\laragon\www\Apps\centurion\vendor\laravel\framework\src\Illuminate\Database\Schema\Blueprint.php:121
C:\laragon\www\Apps\centurion\vendor\laravel\framework\src\Illuminate\Database\Schema\Builder.php:686
C:\laragon\www\Apps\centurion\vendor\laravel\framework\src\Illuminate\Database\Schema\Builder.php:494
C:\laragon\www\Apps\centurion\vendor\laravel\framework\src\Illuminate\Support\Facades\Facade.php:363
C:\laragon\www\Apps\centurion\database\migrations\2026_03_01_020100_remove_unique_contact_from_church_categories.php:13
C:\laragon\www\Apps\centurion\vendor\laravel\framework\src\Illuminate\Database\Migrations\Migrator.php:517
C:\laragon\www\Apps\centurion\vendor\laravel\framework\src\Illuminate\Database\Migrations\Migrator.php:442
C:\laragon\www\Apps\centurion\vendor\laravel\framework\src\Illuminate\Database\Migrations\Migrator.php:451
C:\laragon\www\Apps\centurion\vendor\laravel\framework\src\Illuminate\Database\Migrations\Migrator.php:253
C:\laragon\www\Apps\centurion\vendor\laravel\framework\src\Illuminate\Console\View\Components\Task.php:41
C:\laragon\www\Apps\centurion\vendor\laravel\framework\src\Illuminate\Database\Migrations\Migrator.php:814
C:\laragon\www\Apps\centurion\vendor\laravel\framework\src\Illuminate\Database\Migrations\Migrator.php:253
C:\laragon\www\Apps\centurion\vendor\laravel\framework\src\Illuminate\Database\Migrations\Migrator.php:211
C:\laragon\www\Apps\centurion\vendor\laravel\framework\src\Illuminate\Database\Migrations\Migrator.php:138
C:\laragon\www\Apps\centurion\vendor\laravel\framework\src\Illuminate\Database\Console\Migrations\MigrateCommand.php:116
C:\laragon\www\Apps\centurion\vendor\laravel\framework\src\Illuminate\Database\Migrations\Migrator.php:671
C:\laragon\www\Apps\centurion\vendor\laravel\framework\src\Illuminate\Database\Console\Migrations\MigrateCommand.php:109
C:\laragon\www\Apps\centurion\vendor\laravel\framework\src\Illuminate\Database\Console\Migrations\MigrateCommand.php:88
C:\laragon\www\Apps\centurion\vendor\laravel\framework\src\Illuminate\Container\BoundMethod.php:36
C:\laragon\www\Apps\centurion\vendor\laravel\framework\src\Illuminate\Container\Util.php:43
C:\laragon\www\Apps\centurion\vendor\laravel\framework\src\Illuminate\Container\BoundMethod.php:96
C:\laragon\www\Apps\centurion\vendor\laravel\framework\src\Illuminate\Container\BoundMethod.php:35
C:\laragon\www\Apps\centurion\vendor\laravel\framework\src\Illuminate\Container\Container.php:799
C:\laragon\www\Apps\centurion\vendor\laravel\framework\src\Illuminate\Console\Command.php:211
C:\laragon\www\Apps\centurion\vendor\symfony\console\Command\Command.php:341
C:\laragon\www\Apps\centurion\vendor\laravel\framework\src\Illuminate\Console\Command.php:180
C:\laragon\www\Apps\centurion\vendor\laravel\framework\src\Illuminate\Console\Concerns\CallsCommands.php:68
C:\laragon\www\Apps\centurion\vendor\laravel\framework\src\Illuminate\Console\Concerns\CallsCommands.php:29
C:\laragon\www\Apps\centurion\vendor\laravel\framework\src\Illuminate\Database\Console\Migrations\FreshCommand.php:81
C:\laragon\www\Apps\centurion\vendor\laravel\framework\src\Illuminate\Container\BoundMethod.php:36
C:\laragon\www\Apps\centurion\vendor\laravel\framework\src\Illuminate\Container\Util.php:43
C:\laragon\www\Apps\centurion\vendor\laravel\framework\src\Illuminate\Container\BoundMethod.php:96
C:\laragon\www\Apps\centurion\vendor\laravel\framework\src\Illuminate\Container\BoundMethod.php:35
C:\laragon\www\Apps\centurion\vendor\laravel\framework\src\Illuminate\Container\Container.php:799
C:\laragon\www\Apps\centurion\vendor\laravel\framework\src\Illuminate\Console\Command.php:211
C:\laragon\www\Apps\centurion\vendor\symfony\console\Command\Command.php:341
C:\laragon\www\Apps\centurion\vendor\laravel\framework\src\Illuminate\Console\Command.php:180
C:\laragon\www\Apps\centurion\vendor\symfony\console\Application.php:1094
C:\laragon\www\Apps\centurion\vendor\symfony\console\Application.php:356
C:\laragon\www\Apps\centurion\vendor\symfony\console\Application.php:195
C:\laragon\www\Apps\centurion\vendor\laravel\framework\src\Illuminate\Console\Application.php:165
C:\laragon\www\Apps\centurion\vendor\laravel\framework\src\Illuminate\Foundation\Console\Kernel.php:447
C:\laragon\www\Apps\centurion\vendor\laravel\framework\src\Illuminate\Testing\PendingCommand.php:451
C:\laragon\www\Apps\centurion\vendor\laravel\framework\src\Illuminate\Testing\PendingCommand.php:675
C:\laragon\www\Apps\centurion\vendor\laravel\framework\src\Illuminate\Foundation\Testing\Concerns\InteractsWithConsole.php:87
C:\laragon\www\Apps\centurion\vendor\laravel\framework\src\Illuminate\Foundation\Testing\RefreshDatabase.php:119
C:\laragon\www\Apps\centurion\vendor\laravel\framework\src\Illuminate\Foundation\Testing\RefreshDatabase.php:84
C:\laragon\www\Apps\centurion\vendor\laravel\framework\src\Illuminate\Foundation\Testing\RefreshDatabase.php:25
C:\laragon\www\Apps\centurion\vendor\laravel\framework\src\Illuminate\Foundation\Testing\Concerns\InteractsWithTestCaseLifecycle.php:217
C:\laragon\www\Apps\centurion\vendor\laravel\framework\src\Illuminate\Foundation\Testing\Concerns\InteractsWithTestCaseLifecycle.php:101
C:\laragon\www\Apps\centurion\vendor\laravel\framework\src\Illuminate\Foundation\Testing\TestCase.php:63

Caused by
PDOException: SQLSTATE[HY000]: General error: 1 error in index church_categories_unique_contact_unique after drop column: no such column: unique_contact

C:\laragon\www\Apps\centurion\vendor\laravel\framework\src\Illuminate\Database\Connection.php:584
C:\laragon\www\Apps\centurion\vendor\laravel\framework\src\Illuminate\Database\Connection.php:827
C:\laragon\www\Apps\centurion\vendor\laravel\framework\src\Illuminate\Database\Connection.php:794
C:\laragon\www\Apps\centurion\vendor\laravel\framework\src\Illuminate\Database\Connection.php:573
C:\laragon\www\Apps\centurion\vendor\laravel\framework\src\Illuminate\Database\Schema\Blueprint.php:121
C:\laragon\www\Apps\centurion\vendor\laravel\framework\src\Illuminate\Database\Schema\Builder.php:686
C:\laragon\www\Apps\centurion\vendor\laravel\framework\src\Illuminate\Database\Schema\Builder.php:494
C:\laragon\www\Apps\centurion\vendor\laravel\framework\src\Illuminate\Support\Facades\Facade.php:363
C:\laragon\www\Apps\centurion\database\migrations\2026_03_01_020100_remove_unique_contact_from_church_categories.php:13
C:\laragon\www\Apps\centurion\vendor\laravel\framework\src\Illuminate\Database\Migrations\Migrator.php:517
C:\laragon\www\Apps\centurion\vendor\laravel\framework\src\Illuminate\Database\Migrations\Migrator.php:442
C:\laragon\www\Apps\centurion\vendor\laravel\framework\src\Illuminate\Database\Migrations\Migrator.php:451
C:\laragon\www\Apps\centurion\vendor\laravel\framework\src\Illuminate\Database\Migrations\Migrator.php:253
C:\laragon\www\Apps\centurion\vendor\laravel\framework\src\Illuminate\Console\View\Components\Task.php:41
C:\laragon\www\Apps\centurion\vendor\laravel\framework\src\Illuminate\Database\Migrations\Migrator.php:814
C:\laragon\www\Apps\centurion\vendor\laravel\framework\src\Illuminate\Database\Migrations\Migrator.php:253
C:\laragon\www\Apps\centurion\vendor\laravel\framework\src\Illuminate\Database\Migrations\Migrator.php:211
C:\laragon\www\Apps\centurion\vendor\laravel\framework\src\Illuminate\Database\Migrations\Migrator.php:138
C:\laragon\www\Apps\centurion\vendor\laravel\framework\src\Illuminate\Database\Console\Migrations\MigrateCommand.php:116
C:\laragon\www\Apps\centurion\vendor\laravel\framework\src\Illuminate\Database\Migrations\Migrator.php:671
C:\laragon\www\Apps\centurion\vendor\laravel\framework\src\Illuminate\Database\Console\Migrations\MigrateCommand.php:109
C:\laragon\www\Apps\centurion\vendor\laravel\framework\src\Illuminate\Database\Console\Migrations\MigrateCommand.php:88
C:\laragon\www\Apps\centurion\vendor\laravel\framework\src\Illuminate\Container\BoundMethod.php:36
C:\laragon\www\Apps\centurion\vendor\laravel\framework\src\Illuminate\Container\Util.php:43
C:\laragon\www\Apps\centurion\vendor\laravel\framework\src\Illuminate\Container\BoundMethod.php:96
C:\laragon\www\Apps\centurion\vendor\laravel\framework\src\Illuminate\Container\BoundMethod.php:35
C:\laragon\www\Apps\centurion\vendor\laravel\framework\src\Illuminate\Container\Container.php:799
C:\laragon\www\Apps\centurion\vendor\laravel\framework\src\Illuminate\Console\Command.php:211
C:\laragon\www\Apps\centurion\vendor\symfony\console\Command\Command.php:341
C:\laragon\www\Apps\centurion\vendor\laravel\framework\src\Illuminate\Console\Command.php:180
C:\laragon\www\Apps\centurion\vendor\laravel\framework\src\Illuminate\Console\Concerns\CallsCommands.php:68
C:\laragon\www\Apps\centurion\vendor\laravel\framework\src\Illuminate\Console\Concerns\CallsCommands.php:29
C:\laragon\www\Apps\centurion\vendor\laravel\framework\src\Illuminate\Database\Console\Migrations\FreshCommand.php:81
C:\laragon\www\Apps\centurion\vendor\laravel\framework\src\Illuminate\Container\BoundMethod.php:36
C:\laragon\www\Apps\centurion\vendor\laravel\framework\src\Illuminate\Container\Util.php:43
C:\laragon\www\Apps\centurion\vendor\laravel\framework\src\Illuminate\Container\BoundMethod.php:96
C:\laragon\www\Apps\centurion\vendor\laravel\framework\src\Illuminate\Container\BoundMethod.php:35
C:\laragon\www\Apps\centurion\vendor\laravel\framework\src\Illuminate\Container\Container.php:799
C:\laragon\www\Apps\centurion\vendor\laravel\framework\src\Illuminate\Console\Command.php:211
C:\laragon\www\Apps\centurion\vendor\symfony\console\Command\Command.php:341
C:\laragon\www\Apps\centurion\vendor\laravel\framework\src\Illuminate\Console\Command.php:180
C:\laragon\www\Apps\centurion\vendor\symfony\console\Application.php:1094
C:\laragon\www\Apps\centurion\vendor\symfony\console\Application.php:356
C:\laragon\www\Apps\centurion\vendor\symfony\console\Application.php:195
C:\laragon\www\Apps\centurion\vendor\laravel\framework\src\Illuminate\Console\Application.php:165
C:\laragon\www\Apps\centurion\vendor\laravel\framework\src\Illuminate\Foundation\Console\Kernel.php:447
C:\laragon\www\Apps\centurion\vendor\laravel\framework\src\Illuminate\Testing\PendingCommand.php:451
C:\laragon\www\Apps\centurion\vendor\laravel\framework\src\Illuminate\Testing\PendingCommand.php:675
C:\laragon\www\Apps\centurion\vendor\laravel\framework\src\Illuminate\Foundation\Testing\Concerns\InteractsWithConsole.php:87
C:\laragon\www\Apps\centurion\vendor\laravel\framework\src\Illuminate\Foundation\Testing\RefreshDatabase.php:119
C:\laragon\www\Apps\centurion\vendor\laravel\framework\src\Illuminate\Foundation\Testing\RefreshDatabase.php:84
C:\laragon\www\Apps\centurion\vendor\laravel\framework\src\Illuminate\Foundation\Testing\RefreshDatabase.php:25
C:\laragon\www\Apps\centurion\vendor\laravel\framework\src\Illuminate\Foundation\Testing\Concerns\InteractsWithTestCaseLifecycle.php:217
C:\laragon\www\Apps\centurion\vendor\laravel\framework\src\Illuminate\Foundation\Testing\Concerns\InteractsWithTestCaseLifecycle.php:101
C:\laragon\www\Apps\centurion\vendor\laravel\framework\src\Illuminate\Foundation\Testing\TestCase.php:63

5) Tests\Feature\Auth\AuthenticationTest::test_users_can_logout
Illuminate\Database\QueryException: SQLSTATE[HY000]: General error: 1 error in index church_categories_unique_contact_unique after drop column: no such column: unique_contact (Connection: sqlite, Database: :memory:, SQL: alter table "church_categories" drop column "unique_contact")

C:\laragon\www\Apps\centurion\vendor\laravel\framework\src\Illuminate\Database\Connection.php:838
C:\laragon\www\Apps\centurion\vendor\laravel\framework\src\Illuminate\Database\Connection.php:794
C:\laragon\www\Apps\centurion\vendor\laravel\framework\src\Illuminate\Database\Connection.php:573
C:\laragon\www\Apps\centurion\vendor\laravel\framework\src\Illuminate\Database\Schema\Blueprint.php:121
C:\laragon\www\Apps\centurion\vendor\laravel\framework\src\Illuminate\Database\Schema\Builder.php:686
C:\laragon\www\Apps\centurion\vendor\laravel\framework\src\Illuminate\Database\Schema\Builder.php:494
C:\laragon\www\Apps\centurion\vendor\laravel\framework\src\Illuminate\Support\Facades\Facade.php:363
C:\laragon\www\Apps\centurion\database\migrations\2026_03_01_020100_remove_unique_contact_from_church_categories.php:13
C:\laragon\www\Apps\centurion\vendor\laravel\framework\src\Illuminate\Database\Migrations\Migrator.php:517
C:\laragon\www\Apps\centurion\vendor\laravel\framework\src\Illuminate\Database\Migrations\Migrator.php:442
C:\laragon\www\Apps\centurion\vendor\laravel\framework\src\Illuminate\Database\Migrations\Migrator.php:451
C:\laragon\www\Apps\centurion\vendor\laravel\framework\src\Illuminate\Database\Migrations\Migrator.php:253
C:\laragon\www\Apps\centurion\vendor\laravel\framework\src\Illuminate\Console\View\Components\Task.php:41
C:\laragon\www\Apps\centurion\vendor\laravel\framework\src\Illuminate\Database\Migrations\Migrator.php:814
C:\laragon\www\Apps\centurion\vendor\laravel\framework\src\Illuminate\Database\Migrations\Migrator.php:253
C:\laragon\www\Apps\centurion\vendor\laravel\framework\src\Illuminate\Database\Migrations\Migrator.php:211
C:\laragon\www\Apps\centurion\vendor\laravel\framework\src\Illuminate\Database\Migrations\Migrator.php:138
C:\laragon\www\Apps\centurion\vendor\laravel\framework\src\Illuminate\Database\Console\Migrations\MigrateCommand.php:116
C:\laragon\www\Apps\centurion\vendor\laravel\framework\src\Illuminate\Database\Migrations\Migrator.php:671
C:\laragon\www\Apps\centurion\vendor\laravel\framework\src\Illuminate\Database\Console\Migrations\MigrateCommand.php:109
C:\laragon\www\Apps\centurion\vendor\laravel\framework\src\Illuminate\Database\Console\Migrations\MigrateCommand.php:88
C:\laragon\www\Apps\centurion\vendor\laravel\framework\src\Illuminate\Container\BoundMethod.php:36
C:\laragon\www\Apps\centurion\vendor\laravel\framework\src\Illuminate\Container\Util.php:43
C:\laragon\www\Apps\centurion\vendor\laravel\framework\src\Illuminate\Container\BoundMethod.php:96
C:\laragon\www\Apps\centurion\vendor\laravel\framework\src\Illuminate\Container\BoundMethod.php:35
C:\laragon\www\Apps\centurion\vendor\laravel\framework\src\Illuminate\Container\Container.php:799
C:\laragon\www\Apps\centurion\vendor\laravel\framework\src\Illuminate\Console\Command.php:211
C:\laragon\www\Apps\centurion\vendor\symfony\console\Command\Command.php:341
C:\laragon\www\Apps\centurion\vendor\laravel\framework\src\Illuminate\Console\Command.php:180
C:\laragon\www\Apps\centurion\vendor\laravel\framework\src\Illuminate\Console\Concerns\CallsCommands.php:68
C:\laragon\www\Apps\centurion\vendor\laravel\framework\src\Illuminate\Console\Concerns\CallsCommands.php:29
C:\laragon\www\Apps\centurion\vendor\laravel\framework\src\Illuminate\Database\Console\Migrations\FreshCommand.php:81
C:\laragon\www\Apps\centurion\vendor\laravel\framework\src\Illuminate\Container\BoundMethod.php:36
C:\laragon\www\Apps\centurion\vendor\laravel\framework\src\Illuminate\Container\Util.php:43
C:\laragon\www\Apps\centurion\vendor\laravel\framework\src\Illuminate\Container\BoundMethod.php:96
C:\laragon\www\Apps\centurion\vendor\laravel\framework\src\Illuminate\Container\BoundMethod.php:35
C:\laragon\www\Apps\centurion\vendor\laravel\framework\src\Illuminate\Container\Container.php:799
C:\laragon\www\Apps\centurion\vendor\laravel\framework\src\Illuminate\Console\Command.php:211
C:\laragon\www\Apps\centurion\vendor\symfony\console\Command\Command.php:341
C:\laragon\www\Apps\centurion\vendor\laravel\framework\src\Illuminate\Console\Command.php:180
C:\laragon\www\Apps\centurion\vendor\symfony\console\Application.php:1094
C:\laragon\www\Apps\centurion\vendor\symfony\console\Application.php:356
C:\laragon\www\Apps\centurion\vendor\symfony\console\Application.php:195
C:\laragon\www\Apps\centurion\vendor\laravel\framework\src\Illuminate\Console\Application.php:165
C:\laragon\www\Apps\centurion\vendor\laravel\framework\src\Illuminate\Foundation\Console\Kernel.php:447
C:\laragon\www\Apps\centurion\vendor\laravel\framework\src\Illuminate\Testing\PendingCommand.php:451
C:\laragon\www\Apps\centurion\vendor\laravel\framework\src\Illuminate\Testing\PendingCommand.php:675
C:\laragon\www\Apps\centurion\vendor\laravel\framework\src\Illuminate\Foundation\Testing\Concerns\InteractsWithConsole.php:87
C:\laragon\www\Apps\centurion\vendor\laravel\framework\src\Illuminate\Foundation\Testing\RefreshDatabase.php:119
C:\laragon\www\Apps\centurion\vendor\laravel\framework\src\Illuminate\Foundation\Testing\RefreshDatabase.php:84
C:\laragon\www\Apps\centurion\vendor\laravel\framework\src\Illuminate\Foundation\Testing\RefreshDatabase.php:25
C:\laragon\www\Apps\centurion\vendor\laravel\framework\src\Illuminate\Foundation\Testing\Concerns\InteractsWithTestCaseLifecycle.php:217
C:\laragon\www\Apps\centurion\vendor\laravel\framework\src\Illuminate\Foundation\Testing\Concerns\InteractsWithTestCaseLifecycle.php:101
C:\laragon\www\Apps\centurion\vendor\laravel\framework\src\Illuminate\Foundation\Testing\TestCase.php:63

Caused by
PDOException: SQLSTATE[HY000]: General error: 1 error in index church_categories_unique_contact_unique after drop column: no such column: unique_contact

C:\laragon\www\Apps\centurion\vendor\laravel\framework\src\Illuminate\Database\Connection.php:584
C:\laragon\www\Apps\centurion\vendor\laravel\framework\src\Illuminate\Database\Connection.php:827
C:\laragon\www\Apps\centurion\vendor\laravel\framework\src\Illuminate\Database\Connection.php:794
C:\laragon\www\Apps\centurion\vendor\laravel\framework\src\Illuminate\Database\Connection.php:573
C:\laragon\www\Apps\centurion\vendor\laravel\framework\src\Illuminate\Database\Schema\Blueprint.php:121
C:\laragon\www\Apps\centurion\vendor\laravel\framework\src\Illuminate\Database\Schema\Builder.php:686
C:\laragon\www\Apps\centurion\vendor\laravel\framework\src\Illuminate\Database\Schema\Builder.php:494
C:\laragon\www\Apps\centurion\vendor\laravel\framework\src\Illuminate\Support\Facades\Facade.php:363
C:\laragon\www\Apps\centurion\database\migrations\2026_03_01_020100_remove_unique_contact_from_church_categories.php:13
C:\laragon\www\Apps\centurion\vendor\laravel\framework\src\Illuminate\Database\Migrations\Migrator.php:517
C:\laragon\www\Apps\centurion\vendor\laravel\framework\src\Illuminate\Database\Migrations\Migrator.php:442
C:\laragon\www\Apps\centurion\vendor\laravel\framework\src\Illuminate\Database\Migrations\Migrator.php:451
C:\laragon\www\Apps\centurion\vendor\laravel\framework\src\Illuminate\Database\Migrations\Migrator.php:253
C:\laragon\www\Apps\centurion\vendor\laravel\framework\src\Illuminate\Console\View\Components\Task.php:41
C:\laragon\www\Apps\centurion\vendor\laravel\framework\src\Illuminate\Database\Migrations\Migrator.php:814
C:\laragon\www\Apps\centurion\vendor\laravel\framework\src\Illuminate\Database\Migrations\Migrator.php:253
C:\laragon\www\Apps\centurion\vendor\laravel\framework\src\Illuminate\Database\Migrations\Migrator.php:211
C:\laragon\www\Apps\centurion\vendor\laravel\framework\src\Illuminate\Database\Migrations\Migrator.php:138
C:\laragon\www\Apps\centurion\vendor\laravel\framework\src\Illuminate\Database\Console\Migrations\MigrateCommand.php:116
C:\laragon\www\Apps\centurion\vendor\laravel\framework\src\Illuminate\Database\Migrations\Migrator.php:671
C:\laragon\www\Apps\centurion\vendor\laravel\framework\src\Illuminate\Database\Console\Migrations\MigrateCommand.php:109
C:\laragon\www\Apps\centurion\vendor\laravel\framework\src\Illuminate\Database\Console\Migrations\MigrateCommand.php:88
C:\laragon\www\Apps\centurion\vendor\laravel\framework\src\Illuminate\Container\BoundMethod.php:36
C:\laragon\www\Apps\centurion\vendor\laravel\framework\src\Illuminate\Container\Util.php:43
C:\laragon\www\Apps\centurion\vendor\laravel\framework\src\Illuminate\Container\BoundMethod.php:96
C:\laragon\www\Apps\centurion\vendor\laravel\framework\src\Illuminate\Container\BoundMethod.php:35
C:\laragon\www\Apps\centurion\vendor\laravel\framework\src\Illuminate\Container\Container.php:799
C:\laragon\www\Apps\centurion\vendor\laravel\framework\src\Illuminate\Console\Command.php:211
C:\laragon\www\Apps\centurion\vendor\symfony\console\Command\Command.php:341
C:\laragon\www\Apps\centurion\vendor\laravel\framework\src\Illuminate\Console\Command.php:180
C:\laragon\www\Apps\centurion\vendor\laravel\framework\src\Illuminate\Console\Concerns\CallsCommands.php:68
C:\laragon\www\Apps\centurion\vendor\laravel\framework\src\Illuminate\Console\Concerns\CallsCommands.php:29
C:\laragon\www\Apps\centurion\vendor\laravel\framework\src\Illuminate\Database\Console\Migrations\FreshCommand.php:81
C:\laragon\www\Apps\centurion\vendor\laravel\framework\src\Illuminate\Container\BoundMethod.php:36
C:\laragon\www\Apps\centurion\vendor\laravel\framework\src\Illuminate\Container\Util.php:43
C:\laragon\www\Apps\centurion\vendor\laravel\framework\src\Illuminate\Container\BoundMethod.php:96
C:\laragon\www\Apps\centurion\vendor\laravel\framework\src\Illuminate\Container\BoundMethod.php:35
C:\laragon\www\Apps\centurion\vendor\laravel\framework\src\Illuminate\Container\Container.php:799
C:\laragon\www\Apps\centurion\vendor\laravel\framework\src\Illuminate\Console\Command.php:211
C:\laragon\www\Apps\centurion\vendor\symfony\console\Command\Command.php:341
C:\laragon\www\Apps\centurion\vendor\laravel\framework\src\Illuminate\Console\Command.php:180
C:\laragon\www\Apps\centurion\vendor\symfony\console\Application.php:1094
C:\laragon\www\Apps\centurion\vendor\symfony\console\Application.php:356
C:\laragon\www\Apps\centurion\vendor\symfony\console\Application.php:195
C:\laragon\www\Apps\centurion\vendor\laravel\framework\src\Illuminate\Console\Application.php:165
C:\laragon\www\Apps\centurion\vendor\laravel\framework\src\Illuminate\Foundation\Console\Kernel.php:447
C:\laragon\www\Apps\centurion\vendor\laravel\framework\src\Illuminate\Testing\PendingCommand.php:451
C:\laragon\www\Apps\centurion\vendor\laravel\framework\src\Illuminate\Testing\PendingCommand.php:675
C:\laragon\www\Apps\centurion\vendor\laravel\framework\src\Illuminate\Foundation\Testing\Concerns\InteractsWithConsole.php:87
C:\laragon\www\Apps\centurion\vendor\laravel\framework\src\Illuminate\Foundation\Testing\RefreshDatabase.php:119
C:\laragon\www\Apps\centurion\vendor\laravel\framework\src\Illuminate\Foundation\Testing\RefreshDatabase.php:84
C:\laragon\www\Apps\centurion\vendor\laravel\framework\src\Illuminate\Foundation\Testing\RefreshDatabase.php:25
C:\laragon\www\Apps\centurion\vendor\laravel\framework\src\Illuminate\Foundation\Testing\Concerns\InteractsWithTestCaseLifecycle.php:217
C:\laragon\www\Apps\centurion\vendor\laravel\framework\src\Illuminate\Foundation\Testing\Concerns\InteractsWithTestCaseLifecycle.php:101
C:\laragon\www\Apps\centurion\vendor\laravel\framework\src\Illuminate\Foundation\Testing\TestCase.php:63

ERRORS!
Tests: 5, Assertions: 0, Errors: 5.
