PHPUnit 11.5.55 by Sebastian Bergmann and contributors.

Runtime:       PHP 8.2.27
Configuration: C:\laragon\www\Apps\centurion\phpunit.xml

