
   WARN  Metadata found in doc-comment for method Tests\Feature\FirstTimerContactCheckTest::it_returns_exists_true_for_duplicate_contact(). Metadata in doc-comments is deprecated and will no longer be supported in PHPUnit 12. Update your test code to use attributes instead.

   WARN  Metadata found in doc-comment for method Tests\Feature\FirstTimerContactCheckTest::it_returns_exists_false_for_unique_contact(). Metadata in doc-comments is deprecated and will no longer be supported in PHPUnit 12. Update your test code to use attributes instead.

   WARN  Metadata found in doc-comment for method Tests\Feature\FirstTimerContactCheckTest::it_handles_empty_contact(). Metadata in doc-comments is deprecated and will no longer be supported in PHPUnit 12. Update your test code to use attributes instead.

   FAIL  Tests\Feature\Auth\AuthenticationTest
  Γ¿» login screen can be rendered
  Γ¿» users can authenticate using the login screen with email
  Γ¿» users can authenticate using the login screen with contact
  Γ¿» users can not authenticate with invalid password
  Γ¿» users can logout
  ΓöÇΓöÇΓöÇΓöÇΓöÇΓöÇΓöÇΓöÇΓöÇΓöÇΓöÇΓöÇΓöÇΓöÇΓöÇΓöÇΓöÇΓöÇΓöÇΓöÇ  
   FΓÇª  QueryException   
  SQLSTATE[HY000]: General error: 1 error in index church_categories_unique_contact_unique after drop column: no such column: unique_contact (Connection: sqlite, Database: :memory:, SQL: alter table "church_categories" drop column "unique_contact")

  at vendor\laravel\framework\src\Illuminate\Database\Connection.php:838
    834Γûò             $exceptionType = $this->isUniqueConstraintError($e)
    835Γûò                 ? UniqueConstraintViolationException::class
    836Γûò                 : QueryException::class;
    837Γûò 
  Γ₧£ 838Γûò             throw new $exceptionType(
    839Γûò                 $this->getNameWithReadWriteType(),
    840Γûò                 $query,
    841Γûò                 $this->prepareBindings($bindings),
    842Γûò                 $e,

  1   vendor\laravel\framework\src\Illuminate\Database\Connection.php:838

  2   vendor\laravel\framework\src\Illuminate\Database\Connection.php:584
      NunoMaduro\Collision\Exceptions\TestException::("SQLSTATE[HY000]: General error: 1 error in index church_categories_unique_contact_unique after drop column: no such column: unique_contact")

  ΓöÇΓöÇΓöÇΓöÇΓöÇΓöÇΓöÇΓöÇΓöÇΓöÇΓöÇΓöÇΓöÇΓöÇΓöÇΓöÇΓöÇΓöÇΓöÇΓöÇ  
   FΓÇª  QueryException   
  SQLSTATE[HY000]: General error: 1 error in index church_categories_unique_contact_unique after drop column: no such column: unique_contact (Connection: sqlite, Database: :memory:, SQL: alter table "church_categories" drop column "unique_contact")

  at vendor\laravel\framework\src\Illuminate\Database\Connection.php:838
    834Γûò             $exceptionType = $this->isUniqueConstraintError($e)
    835Γûò                 ? UniqueConstraintViolationException::class
    836Γûò                 : QueryException::class;
    837Γûò 
  Γ₧£ 838Γûò             throw new $exceptionType(
    839Γûò                 $this->getNameWithReadWriteType(),
    840Γûò                 $query,
    841Γûò                 $this->prepareBindings($bindings),
    842Γûò                 $e,

  1   vendor\laravel\framework\src\Illuminate\Database\Connection.php:838

  2   vendor\laravel\framework\src\Illuminate\Database\Connection.php:584
      NunoMaduro\Collision\Exceptions\TestException::("SQLSTATE[HY000]: General error: 1 error in index church_categories_unique_contact_unique after drop column: no such column: unique_contact")

  ΓöÇΓöÇΓöÇΓöÇΓöÇΓöÇΓöÇΓöÇΓöÇΓöÇΓöÇΓöÇΓöÇΓöÇΓöÇΓöÇΓöÇΓöÇΓöÇΓöÇ  
   FΓÇª  QueryException   
  SQLSTATE[HY000]: General error: 1 error in index church_categories_unique_contact_unique after drop column: no such column: unique_contact (Connection: sqlite, Database: :memory:, SQL: alter table "church_categories" drop column "unique_contact")

  at vendor\laravel\framework\src\Illuminate\Database\Connection.php:838
    834Γûò             $exceptionType = $this->isUniqueConstraintError($e)
    835Γûò                 ? UniqueConstraintViolationException::class
    836Γûò                 : QueryException::class;
    837Γûò 
  Γ₧£ 838Γûò             throw new $exceptionType(
    839Γûò                 $this->getNameWithReadWriteType(),
    840Γûò                 $query,
    841Γûò                 $this->prepareBindings($bindings),
    842Γûò                 $e,

  1   vendor\laravel\framework\src\Illuminate\Database\Connection.php:838

  2   vendor\laravel\framework\src\Illuminate\Database\Connection.php:584
      NunoMaduro\Collision\Exceptions\TestException::("SQLSTATE[HY000]: General error: 1 error in index church_categories_unique_contact_unique after drop column: no such column: unique_contact")

  ΓöÇΓöÇΓöÇΓöÇΓöÇΓöÇΓöÇΓöÇΓöÇΓöÇΓöÇΓöÇΓöÇΓöÇΓöÇΓöÇΓöÇΓöÇΓöÇΓöÇ  
   FΓÇª  QueryException   
  SQLSTATE[HY000]: General error: 1 error in index church_categories_unique_contact_unique after drop column: no such column: unique_contact (Connection: sqlite, Database: :memory:, SQL: alter table "church_categories" drop column "unique_contact")

  at vendor\laravel\framework\src\Illuminate\Database\Connection.php:838
    834Γûò             $exceptionType = $this->isUniqueConstraintError($e)
    835Γûò                 ? UniqueConstraintViolationException::class
    836Γûò                 : QueryException::class;
    837Γûò 
  Γ₧£ 838Γûò             throw new $exceptionType(
    839Γûò                 $this->getNameWithReadWriteType(),
    840Γûò                 $query,
    841Γûò                 $this->prepareBindings($bindings),
    842Γûò                 $e,

  1   vendor\laravel\framework\src\Illuminate\Database\Connection.php:838

  2   vendor\laravel\framework\src\Illuminate\Database\Connection.php:584
      NunoMaduro\Collision\Exceptions\TestException::("SQLSTATE[HY000]: General error: 1 error in index church_categories_unique_contact_unique after drop column: no such column: unique_contact")

  ΓöÇΓöÇΓöÇΓöÇΓöÇΓöÇΓöÇΓöÇΓöÇΓöÇΓöÇΓöÇΓöÇΓöÇΓöÇΓöÇΓöÇΓöÇΓöÇΓöÇ  
   FΓÇª  QueryException   
  SQLSTATE[HY000]: General error: 1 error in index church_categories_unique_contact_unique after drop column: no such column: unique_contact (Connection: sqlite, Database: :memory:, SQL: alter table "church_categories" drop column "unique_contact")

  at vendor\laravel\framework\src\Illuminate\Database\Connection.php:838
    834Γûò             $exceptionType = $this->isUniqueConstraintError($e)
    835Γûò                 ? UniqueConstraintViolationException::class
    836Γûò                 : QueryException::class;
    837Γûò 
  Γ₧£ 838Γûò             throw new $exceptionType(
    839Γûò                 $this->getNameWithReadWriteType(),
    840Γûò                 $query,
    841Γûò                 $this->prepareBindings($bindings),
    842Γûò                 $e,

  1   vendor\laravel\framework\src\Illuminate\Database\Connection.php:838

  2   vendor\laravel\framework\src\Illuminate\Database\Connection.php:584
      NunoMaduro\Collision\Exceptions\TestException::("SQLSTATE[HY000]: General error: 1 error in index church_categories_unique_contact_unique after drop column: no such column: unique_contact")


  Tests:    5 failed (0 assertions)
  Duration: 1.69s

